        1088        1127          10        1024        4352        1127           0
         871         903         902         878         896
         895         895         894         903         902
         887         901         895         900         903
         870         900         903         887         878
         885         889         893         895         894
         880        1055        1057         888         889
         886         888         889         901         895
         884        1057        1056         889         893
         882         899         888         898         901
         881        1046        1055         899         888
         872         897         899         880         898
         883        1045        1046         897         899
         879         885         900         884         887
         874         879         885         883         884
         875         880         898         879         885
         873         898         901         885         900
         815         829         845         828         844
         808         916         915         829         845
         810         918         916         834         829
         815         834         829         833         828
         807         832         834         827         833
         805         917         919         823         832
         811         919         918         832         834
         804         823         832         824         827
         877         882         886         919         918
         879         884         887         882         886
         878         883         884         881         882
         876         881         882         917         919
         866         877         876         916         915
         867         878         896         877         876
         869         887         878         886         877
         868         886         877         918         916
         851         870         869         875         874
         859         865         871         870         869
         857         909         870         907         875
         856         906         865         909         870
         893         891         909         908         907
         894         902         891         896         908
         895         894         892         902         891
         892         892         906         891         909
         888         890         905         892         906
         890        1056        1048         893         890
         889        1048        1058         890         905
         891         893         890         894         892
         861         866         868         865         871
         863        1060        1059         866         868
         858         905         866         906         865
         860        1058        1060         905         866
         831         912         911         837        1091
         830         913         912         839         837
         847         914         858         913         912
         847         858         862         912         911
         827         846         913         838         839
         825         845         846         844         838
         826         910         914         846         913
         809         915         910         845         846
         842         904         856         910         914
         843         908         907         904         856
         864         876         904         915         910
         865         896         908         876         904
         846         857         861         858         862
         840         856         857         914         858
         845         875         874         857         861
         841         907         875         856         857
         291        1126         298        1125         297
         855        1127        1126         873        1125
         294        1124         293        1127        1126
         295         293         309        1126         298
         854         864        1127         872         873
         853         863        1124         864        1127
         850         869         864         874         872
         849         871         863         869         864
         292         375         312         293         309
         317         376         374         375         312
         293        1123         375        1124         293
         381        1122         376        1123         375
         852         867        1123         863        1124
         863        1059        1047         868         867
         848         868         867         871         863
         862        1047        1122         867        1123
         736         737         776         741         775
         737        1090        1089        1087         737
         743        1087         737         740         741
         738        1089        1121         737         776
         739        1120        1119        1089        1121
         834         873        1125         855        1120
         290        1125         297        1120        1119
         835         855        1120        1090        1089
         742        1088        1087        1086         740
         839         862         859         911        1088
         837         859        1090        1088        1087
         838         911        1088        1091        1086
         836         860         855         859        1090
         844         861         860         862         859
         832         874         872         861         860
         833         872         873         860         855
         722         763         762         794         793
         755         744         764         763         762
         754        1061         744        1064         763
         723        1064         763        1069         794
         927         936         935         934         947
         920        1037        1039         936         935
         922         939         936         938         934
         921        1038        1037         939         936
         962         981        1085         975        1084
         963         982         981         978         975
         975         977        1083         982         981
         974        1083        1082         981        1085
         799         809         811         815         814
         798         851         853         808         809
         797         853         852         809         811
         799         808         809         813         815
         768         796         795        1054        1053
         775         819         802         796         795
         773         817         796        1052        1054
         774         820         819         817         796
        1014        1026        1012        1025        1024
        1015        1023        1019        1026        1012
        1007        1005        1026        1011        1025
        1007        1021        1023        1005        1026
         931         948         954        1060        1059
         932         974         949         973         948
         929         949         955         948         954
         928         973         948        1058        1060
         763        1080         746        1078         749
         822         836        1081         854        1080
         823         854        1080        1079        1078
         762        1081        1074        1080         746
         907         925         927        1057        1056
         911         923         925        1055        1057
         906         924         926         925         927
         911         940         924         923         925
         598         608         617         637         636
         599         641         608         640         637
         596         611         616         608         617
         597         613         611         641         608
         976         993         998         984         997
         986        1031        1033         994         993
         987        1033        1032         993         998
         983         994         993         992         984
         383         349         353         376         374
         383         350         352         349         353
         382        1113         350        1110         349
         380        1110         349        1122         376
         639         626         657         630         656
         638         627         655         626         657
         637         635         627         629         626
         639         629         626         628         630
         735         732         728         792         791
         727         730         732         790         792
         733         731         729         730         732
         732         729         736         732         728
         957         960         964         968         967
         959         959         963         960         964
         954         958         960         972         968
         955        1040         959         958         960
         623         621         620        1068         624
         618         619         645         621         620
         621        1073         621        1072        1068
         619        1071         619        1073         621
         360        1117        1116        1115         355
         628        1076        1118        1117        1116
         946         957        1117         966        1115
         947        1077        1076         957        1117
         749         753         761         760         759
         751         739         774         753         761
         750         750         739         754         753
         765         754         753         758         760
         747         752         742         751         750
         761        1075         752        1074         751
         741        1086         740         752         742
         740        1091        1086        1075         752
         767         747         754         748         758
         766         751         750         747         754
         760        1074         751         746         747
         767         746         747         749         748
         783         821         799         819         802
         795         814         822         812         821
         776         822         816         821         799
         791         812         821         820         819
         726         726         730         789         790
         720         762         726         793         789
         721         764         756         762         726
         725         756         731         726         730
         728         727         735         729         736
         730         758         760         755         727
         729         755         727         731         729
         731         760         759         727         735
         724         757         755         756         731
         758         743         757         764         756
         764         748         758         757         755
         759         749         748         743         757
         801         825         830         853         852
         800         826         825         851         853
         806         824         827         826         825
         803         827         833         825         830
        1023        1016        1017        1023        1019
        1022        1054        1053        1016        1017
        1023        1022        1016        1021        1023
        1021        1052        1054        1022        1016
        1000        1020        1022        1007        1021
        1002        1004        1020        1003        1007
        1020        1051        1052        1020        1022
        1001        1050        1051        1004        1020
        1005        1008        1005        1010        1011
        1003        1003        1007        1006        1008
        1006        1007        1021        1008        1005
        1004        1006        1008        1009        1010
         778         850         854         797        1079
         818         835         836         850         854
         779         848         850         816         797
         819         849         835         848         850
         996        1001        1034        1033        1032
         998        1011        1025        1002        1001
         997        1025        1024        1001        1034
         999        1002        1001        1031        1033
         991         989         994         987         992
         984        1029        1030         988         989
         985        1030        1031         989         994
         990         988         989         986         987
         992        1000        1002        1030        1031
         994        1009        1010         999        1000
         993        1010        1011        1000        1002
         995         999        1000        1029        1030
         820         842        1075        1081        1074
         821         841         842         836        1081
         831         837        1091         842        1075
         829         839         837         841         842
        1010        1014        1073        1013        1072
        1012        1012        1014        1024        1013
        1013        1019        1018        1012        1014
        1011        1018        1071        1014        1073
         616         644         643         619         645
         607        1069         794        1070         644
         607         794         793         644         643
         617        1070         644        1071         619
        1018        1015        1070        1018        1071
        1019        1017        1015        1019        1018
        1016        1053        1049        1017        1015
        1017        1049        1069        1015        1070
         816         840         841         835         836
         824         844         838         843         840
         817         843         840         849         835
         828         838         839         840         841
         971         980         982         979         978
         969        1032         976         998         980
         970         976         977         980         982
         964         998         980         997         979
         611        1067         623        1083        1082
         973        1072        1068        1027        1067
         620        1068         624        1067         623
         975        1027        1067         977        1083
         972        1028        1027         976         977
        1008        1013        1072        1028        1027
         968        1034        1028        1032         976
        1009        1024        1013        1034        1028
         813         831         843         847         849
         802         830         831         852         847
         812         828         844         831         843
         814         833         828         830         831
         612         642         641         622         640
         600         639         613         642         641
         623         620         642         624         622
         622         645         639         620         642
         594         612         607         611         616
         602         790         792         609         612
         595         792         791         612         607
         603         609         612         613         611
         601         610         609         639         613
         605         643         610         645         639
         606         793         789         643         610
         604         789         790         610         609
          16          23          22         122         121
          23         513          14         527         125
         125         529          98         528         102
         463         442         428         468         467
         278         292         282         288         283
         390         382         377         420         419
         347         333         332         340         538
          98          89          87         255         254
         756         745         743         744         764
         515         550         549         541         547
         423         481         480         400         479
         772         818         817        1051        1052
         751         738         773         739         774
         609         623         618        1082         634
         418         398         478         512         511
         934         952         953         949         955
         587         602         617         614         616
         426         406         405         401         510
         323         321         320         326         325
          82         112          70         111          86
         263         316         274         315         278
         676         714         693         713         689
          45          57          30          56          31
         632         654         653         638         655
         490         473         472         450         448
         941         951        1114         950        1113
         667         678         677         788         787
         227         213         212         271         270
         387         379         474         418         482
         333         323         537         373         536
          93          80          75          79          78
         592         615         607         778         791
         699         702         700         701         699
         570         595         583         594         578
         242         217         215         216         227
         477         436         445         444         443
         186         269         268         164         163
         143         128         146         130         145
         421         416         415         404         399
         311         299         319         311         318
         395         395         394         384         383
         630         625         652        1076        1118
         231         520         208         519         207
         578         600         599         781         780
         195         193         191         192         186
          47          50          49          34          33
         682         695         690         694        1112
         371         360         359         351         358
         365         343         346         344         345
         258         273         535         272         534
         530         556         552         555         560
         785         806         820         818         817
         952         971         958         970         972
         926        1039        1041         935         971
         927         935         971         947         970
         953        1041        1040         971         958
         959        1043        1042         959         963
         958        1044        1043        1040         959
         960         978         975        1044        1043
         961         975        1084        1043        1042
         966         995        1044        1041        1040
         967         979         978         995        1044
         978         996         995        1039        1041
         951        1066        1065         962        1077
         522         565         564         544         546
         525         545         591         551         590
         650         662         709         682         708
         658         686         671         680         673
         439         413         408         412         407
         415         509         508         390         507
         397        1093         381        1092         380
         548         568        1111         652        1118
         511         458         457         456         466
         495         465         471         464         449
         481         452         451         446         506
         202         522         190         521         188
         102         258          88         257         256
         356         366         365         342         364
         191         168         167         171         170
         179         161         160         184         159
         211         206         205         201         196
         128         126         148         132         147
         237         224         223         214         211
         151         140         134         136         133
          50          40          39          36          35
          54         249         248          38          37
          31         517         247         516          13
          25         515          11         514          16
          38          48          47          25          24
          18          10           9         124         123
          63         251         250          43          46
         585         606         603         605         604
         562         593         577         592         576
          79          66          69          65          68
         315         301         300         310         305
         223         204         203         197         199
         944         961         957         965         966
         190         176         166         175         169
         719         722         721         719         725
         647         766         768         667         710
         709         716         735         715         759
         543         562         557         561         559
         362         500         499        1116         355
         550         572         571         657         656
         413        1096         389        1095         397
          90          77          73          76          74
         127         100          99         101         109
         351         493         492         335         331
         162         158         157         151         156
          66          63          62          59          58
         372         357         363         372         371
         157         178         177         144         143
         250         218         226         518         225
         133         234         127         233         131
         466         435         434         470         469
         402         387         385         386         475
          15         246           4          19          18
         790         807         812         806         820
          32          32          26         118         117
         269         277         280         276         275
         239         245         244         210         243
         678         712         688         786         785
         327         339         337         338         336
         902         921         973        1048        1058
         298         296         295         491         490
         538         567         558         566         589
         431        1099         403        1098        1097
         573         582         579         580         588
         707         724         723         772         771
          86         114          71         113          72
         111         105         103         104          90
          78          85          83          84          67
         189         267         266         174         165
         355         341         362         354         361
         164         152         172         183         182
         274         287         281         488         487
          59          41          45          52          44
         303         308         307         294         306
          34          28          27         116         115
         166         237         235         236         181
         207         524         265         523         189
         253         219         222         220         221
         198         185         242         187         241
         107          92          91          94          93
         734         734         728         733         736
         441         411         410        1102         414
         379        1094         356         350         352
          70          82          81          61          60
         447         423         422         409         421
         498         455         454         461         460
         146         142         141         150         135
         219         232         198         231         230
         374         348         347         370         369
         234         209         240         264         263
          29          12          21          15          20
         458         432         431         429         427
         385         393         477         378         476
         154         149         139         137         138
         487         463         453         462         447
         943         956        1110        1047        1122
         662         681         672         784         783
         547         585         584         574         573
         674         687        1109         782        1108
         335         328         533         327         532
         209         202         239         195         238
         138         129         262         261         260
         470         441         440         433         439
           6           6           2          17           1
         591         651         650         601         636
         479         505         504         438         503
         503         486         485         484         459
         119          97         108         107         106
         337         495         494         329         334
         429        1101         417        1100         402
         271         279         531         289         530
          61          55          42          54          51
         454         424         426         430         425
         645         661         765         660         666
         701         698        1107        1106        1105
          10           5           3           8           7
         114         526          96         525          95
         474         502         501         483         437
         175         153         259         155         154
         330         322         324         368         367
         770         800        1064        1049        1069
         898         920         969         922         974
         214         200         194         229         228
         183         173         162         180         179
          42          53          29         120         119
         287         291         290         286         285
         655         670         669         664         665
         411         388         392         396         391
         343         498         497         496         330
         566         575        1104         581        1103
         695         770         769         697         696
         687         705         704         692         703
         685         707         706         711         691
         519         542         649         647         648
          75         110          64         253         252
         285         314         313         489         284
         559         587         586         569         570
         671         685         684         676         679
         793         810         848         822         816
         307         304         302         303         317
         956         963         962         964         961
         666         677         681         787         784
         663         680         673         681         672
         665         679         680         677         681
         977         984         997         983         996
         541         557         593         559         592
         563         786         785         593         577
         542         783         786         557         593
         631         630         656         625         652
         567         577         575         576         581
         564         782        1108         575        1104
         565         785         782         577         575
         627         628         630        1065         625
         440        1104         411        1103        1102
         445         409         421         411         410
         446        1108         409        1104         411
         965         997         979         996         995
         443         410         413         414         412
         432         420         419         413         408
         444         421         420         410         413
         981         990         983        1038        1037
         539         558         595         589         594
         560         592         576         595         583
         540         559         592         558         595
         949        1042        1066         963         962
         575         581        1103         582         579
         571         583         582         578         580
         561         576         581         583         582
         948        1084        1063        1042        1066
         442        1102         414        1101         417
         575        1103        1102         579        1101
         574         579        1101         588        1100
         626        1063         628        1066        1065
         428         417         416         402         404
         437         412         407         416         415
         436         414         412         417         416
         781         798        1062         801        1061
         557         591         587         590         569
         568         594         578         587         586
         556         589         594         591         587
         757        1078         749         745         743
         552         586         585         570         574
         572         580         588         585         584
         569         578         580         586         585
         753        1062         745        1061         744
         545         584        1099         573        1098
         431        1100         402        1099         403
         544         588        1100         584        1099
         780         801        1061         800        1064
         427         403         406        1097         401
         420         404         399         406         405
         430         402         404         403         406
         917         929         937         930         933
         590         650         654         636         638
         559         569         570         654         653
         558         590         569         650         654
         943         950        1113         956        1110
         554         574         573         572         571
         555         653         572         655         657
         553         570         574         653         572
         903         927         921        1056        1048
         551         571         568         656         652
         549        1098        1097         568        1111
         546         573        1098         571         568
         752        1079        1078        1062         745
         363        1111         500        1118        1116
         424         401         510         500         499
         425        1097         401        1111         500
         916        1036        1035         929         937
         688         768         770         710         697
         748         761         774         770         769
         708         759         761         768         770
         930         954         956        1059        1047
         693         769         702         696         701
         703         773         775         702         700
         692         774         773         769         702
         942         955         950         954         956
         702         700         698         699        1106
         700         776        1121         698        1107
         703         775         776         700         698
         900         926         922         927         921
         415        1107         509        1105         390
         289        1119         297         509         508
         288        1121        1119        1107         509
         919         937         939         933         938
         690         709         707         708         711
         689         697         696         707         706
         691         710         697         709         707
         377        1115         355        1094         356
         698         701         699         705         704
         687         706         705         691         692
         694         696         701         706         705
         376        1114        1094        1113         350
         697         704        1096         703        1095
         412        1106        1105        1096         389
         696         699        1106         704        1096
         939         966        1115        1114        1094
         409         389         388         397         396
         408         390         507         388         392
         414        1105         390         389         388
         636         634         635         633         629
         659         671         714         673         713
         684         711         691         714         693
         656         708         711         671         714
         940         953         951         955         950
         677         693         695         689         694
         683         692         703         695         690
         686         691         692         693         695
         901         922         974         921         973
         680         690        1093        1112        1092
         393        1095         397        1093         381
         681         703        1095         690        1093
         938         965         966         951        1114
         394         381         395         380         384
         410         396         391         395         394
         392         397         396         381         395
         989         985         991        1036        1035
         660         672         712         783         786
         679         713         689         712         688
         661         673         713         672         712
         531         788         787         556         552
         675         694        1112         687        1109
         672         688         687         785         782
         673         689         694         688         687
         937         967         965         953         951
         447        1109         423        1108         409
         399        1092         380         423         422
         396        1112        1092        1109         423
         625        1085         633        1084        1063
         398         422         382         421         420
         391         384         383         382         377
         399         380         384         422         382
         923        1035        1038         937         939
         434         408         486         407         484
         435         418         482         486         485
         433         419         418         408         486
         534         553         556         554         555
         501         485         455         459         461
         499         470         469         455         454
         500         482         470         485         455
         933         969         952         974         949
         496         454         465         460         464
         494         468         467         465         471
         497         469         468         454         465
         535         777         788         553         556
         495         471         473         449         450
         459         429         427         473         472
         461         467         429         471         473
         980         991         990        1035        1038
         491         472         529         448         528
         124         527         125         529          98
         456         427         527         472         529
         543         784         783         562         557
         120         124         123         100          99
         127          98         100         102         101
         126         125         124          98         100
         528         787         784         552         562
         122          99         105         109         104
         123         122         121         105         103
         121         123         122          99         105
         529         552         562         560         561
         109         103         114          90         113
          87         120         119         114          71
         108         121         120         103         114
         634         632         638         627         655
          84          71          80          72          79
          95         118         117          80          75
          85         119         118          71          80
         523         563         565         543         544
          94          75          77          78          76
          91         116         115          77          73
          95         117         116          75          77
         532         555         560         565         564
         422         415         481         399         400
         502         484         459         481         480
         438         407         484         415         481
         614         622         640         618         631
         510         480         458         479         456
         506         461         460         458         457
         507         459         461         480         458
         991         987         992         991         990
         504         457         463         466         462
         493         464         449         463         453
         505         460         464         457         463
         936         968         967         952         953
         488         450         448         452         451
         480         453         452         447         446
         492         449         450         453         452
         533         554         555         563         565
         483         451         526         506         525
         117         528         102         526          96
         489         448         528         451         526
         527         564         567         546         566
         115          96          97          95         107
         118         101         109          97         108
         116         102         101          96          97
         988         986         987         985         991
         105         108          92         106          94
         111         104          90          92          91
         104         109         104         108          92
         769         795         800        1053        1049
         106          91         112          93         111
          83         113          72         112          70
         110          90         113          91         112
         536         560         561         564         567
          80          70          85          86          84
          92          79          78          85          83
          81          72          79          70          85
         537         561         559         567         558
          71          83          82          67          61
          88          76          74          82          81
          89          78          76          83          82
         608         624         622         623         618
         419         405         398         510         512
         416         400         479         398         478
         417         399         400         405         398
         520         544         546         550         549
         511         456         466         498         497
         509         478         498         511         496
         508         479         456         478         498
         517         548         550         539         541
         485         462         447         495         494
         484         466         462         497         495
         336         497         495         330         329
         521         543         544         548         550
         339         494         493         334         335
         482         446         506         493         492
         486         447         446         494         493
         610        1082         634        1085         633
         349         492         524         331         523
         112         525          95         524         265
         348         506         525         492         524
         784         805         807         804         806
         206         265         258         189         257
         103         107         106         258          88
         113          95         107         265         258
         526         566         589         545         591
         100          88          89         256         255
          99          94          93          89          87
         101         106          94          88          89
         524         549         545         547         551
          96          87         110         254         253
          77         111          86         110          64
          97          93         111          87         110
         796         852         847         811         810
          74          64          66         252          65
          79          84          67          66          69
          76          86          84          64          66
         518         540         542         646         647
          68          61          60          63          62
          67          69          63          68          59
          69          67          61          69          63
         527         546         566         549         545
         367         499         343         355         344
         366         512         511         343         346
         367         510         512         499         343
         899         942         920         926         922
         358         346         366         345         342
         342         496         330         366         365
         357         511         496         346         366
         792         847         849         810         848
         341         365         339         364         338
         338         329         334         339         337
         340         330         329         365         339
         514         541         547         542         649
         345         337         333         336         340
         351         335         331         333         332
         344         334         335         337         333
         935         972         968         969         952
         346         332         522         538         521
         207         523         189         522         190
         350         331         523         332         522
         516         539         541         540         542
         203         190         193         188         192
         205         257         256         193         191
         204         189         257         190         193
         794         811         810         814         822
         199         191         185         186         187
         196         255         254         185         242
         197         256         255         191         185
         513         547         551         649         651
         175         253         252         153         259
         173         242         153         241         155
         174         254         253         242         153
         512         551         590         651         650
         168         259         267         154         174
          73          65          68         267         266
          72         252          65         259         267
         589         649         651         648         601
         187         266         269         165         164
          64          59          58         269         268
          65          68          59         266         269
         782         797        1079         798        1062
         364         344         345         360         359
         361         355         344         356         360
         378         356         360         352         351
         584         647         648         606         603
         353         359         341         358         354
         352         342         364         341         362
         359         345         342         359         341
         771         802         801         795         800
         325         362         321         361         326
         326         338         336         321         320
         324         364         338         362         321
         582         596         606         597         605
         322         320         328         325         327
         321         340         538         328         533
         320         336         340         320         328
         910         946         940         944         923
         221         533         204         532         197
         200         521         188         204         203
         220         538         521         533         204
         615         618         631         634         635
         194         192         186         206         205
         217         203         206         199         201
         201         188         192         203         206
         586         603         602         604         614
         210         205         202         196         195
         193         187         241         202         239
         192         186         187         205         202
         583         646         647         596         606
         163         239         158         238         151
         169         155         154         158         157
         172         241         155         239         158
         909         944         923        1046        1055
         170         157         176         156         175
         188         174         165         176         166
         171         154         174         157         176
         896         970         972         920         969
         191         166         168         169         171
         184         164         163         168         167
         185         165         164         166         168
         588         648         601         603         602
         369         353         348         374         370
         370         351         358         348         347
         368         352         351         353         348
         591         601         636         602         617
         375         347         357         369         372
         354         354         361         357         363
         373         358         354         347         357
         908         945         944        1045        1046
         331         363         322         371         368
         328         326         325         322         324
         329         361         326         363         322
         579         598         600         779         781
         335         327         532         323         537
         332         324         323         367         373
         334         325         327         324         323
         580         605         604         600         599
         255         537         232         536         231
         223         197         199         232         198
         222         532         197         537         232
         581         597         605         598         600
         218         198         200         230         229
         215         201         196         200         194
         216         199         201         198         200
         613         640         637         631         632
         212         194         237         228         236
         208         195         238         237         235
         213         196         195         194         237
         576         599         615         780         778
         160         151         156         152         172
         167         235         152         181         183
         165         238         151         235         152
         593         614         616         615         607
         181         175         169         173         162
         161         156         175         172         173
         182         172         173         182         180
         897         947         970         942         920
         177         162         161         179         184
         176         171         170         161         160
         180         169         171         162         161
         905         941         943         940         924
         319         312         301         309         310
         318         370         369         301         300
         316         374         370         312         301
         577         604         614         599         615
         314         300         304         305         303
         313         369         372         300         304
         312         372         371         304         302
         979         983         996        1037        1039
         305         302         316         317         315
         262         368         367         316         274
         304         371         368         302         316
         718         720         722         718         719
         259         274         273         278         272
         261         373         536         273         535
         260         367         373         274         273
         904         943         942         924         926
         252         535         219         534         220
         254         231         230         219         222
         255         536         231         535         219
         714         781         780         722         721
         246         222         217         221         216
         243         229         228         217         215
         247         230         229         222         217
         715         779         781         720         722
         240         215         234         227         233
         132         236         181         234         127
         241         228         236         215         234
         746         742         738         750         739
         135         127         126         131         132
         130         183         182         126         148
         129         181         183         127         126
         915         928         946         945         944
         155         148         149         147         137
         159         180         179         149         139
         131         182         180         148         149
         735         778         791         734         728
         178         184         159         178         177
         158         139         178         138         144
         159         179         184         139         178
         712         721         734         725         733
         301         298         308         297         294
         319         310         305         308         307
         300         309         310         298         308
         713         780         778         721         734
         309         307         299         306         311
         306         303         317         299         319
         308         305         303         307         299
         633         637         636         632         638
         264         319         277         318         276
         266         315         278         277         280
         267         317         315         319         277
         719         719         725         724         723
         271         280         279         275         289
         256         272         534         279         531
         257         278         272         280         279
         717         717         724         767         772
         251         220         221         218         226
         248         534         220         531         218
         249         531         218         530         518
         745         741         775         738         773
         229         226         224         225         214
         244         216         227         224         223
         245         221         216         226         224
         925         934         947         943         942
         239         223         245         211         210
         134         233         131         245         244
         238         227         233         223         245
         706         723         716         771         715
         143         132         147         128         146
         141         244         128         243         130
         142         131         132         244         128
         716         718         719         717         724
         147         146         142         145         150
         152         137         138         142         141
         153         147         137         146         142
         744         740         741         742         738
         149         141         140         135         136
         148         144         143         140         134
         156         138         144         141         140
         913         931         941         946         940
         299         508         296         507         491
         303         294         306         296         295
         302         297         294         508         296
         705         733         736         716         735
         296         295         314         490         489
         297         306         311         295         314
         310         311         318         314         313
         704         725         733         723         716
         268         276         275         291         290
         265         318         276         313         291
         287         313         291         284         286
         624         633         629        1063         628
         280         290         292         285         288
         279         289         530         292         282
         270         275         289         290         292
         924         938         934         941         943
         276         282         520         283         519
         230         518         225         520         208
         277         530         518         282         520
         643         767         772         658         661
         226         208         213         207         271
         228         225         214         208         213
         236         214         211         213         212
         642         658         661         659         660
         235         210         243         209         240
         232         211         210         212         209
         233         212         209         270         264
         644         772         771         661         765
         139         240         129         263         261
         136         130         145         129         262
         140         243         130         240         129
         635         631         632         635         627
          63         262         251         260          43
         144         150         135         251         250
         137         145         150         262         251
         950         962        1077         961         957
          55         250         249          46          38
         150         136         133         249         248
         145         135         136         250         249
         711         715         759         766         768
         406         392         387         391         386
         403         491         490         387         385
         407         507         491         392         387
         646         765         766         666         667
         400         385         502         475         483
         284         489         284         502         501
         401         490         489         385         502
         912         933         938         931         941
         475         501         505         437         438
         281         286         285         505         504
         286         284         286         501         505
         710         771         715         765         766
         282         504         287         503         488
         283         285         288         504         287
         275         288         283         287         281
         945         964         961         967         965
         225         519         207         517         247
         272         283         519         281         517
         273         281         517         487         516
         655         668         670         663         664
          31         247         246          13          19
          15         271         270         246           4
         224         207         271         247         246
         914         932         931         928         946
          11         264         263           5           3
          14         270         264           4           5
          13           4           5          18           8
         641         660         666         670         669
           8           3          55           7          54
          60         261         260          55          42
           9         263         261           3          55
         640         659         660         668         670
          62         260          43          42          41
          57          42          41          51          52
          56          43          46          41          45
         789         813         815         805         807
          51          45          40          44          36
          52          38          37          40          39
          53          46          38          45          40
         918         930         933         932         931
         384         394         393         383         378
         404         386         475         393         477
         405         391         386         394         393
         651         667         710         662         709
         472         483         437         441         440
         471         477         441         476         433
         473         475         483         477         441
         648         666         667         669         662
         476         440         436         439         444
         479         438         503         436         445
         478         437         438         440         436
         649         669         662         665         682
         455         445         424         443         430
         452         488         487         424         426
         453         503         488         445         424
         777         816         797         799         798
         450         426         515         425         514
          24         516          13         515          11
         451         487         516         426         515
         653         664         665         685         684
          28          19          18          12          21
          27          11          12          16          15
          30          13          19          11          12
         670         683         685         675         676
           7          21           6          20          17
           4           8           7           6           2
          12          18           8          21           6
         982         992         984         990         983
           0           2          57           1          56
          44          54          51          57          30
           5           7          54           2          57
         787         803         818        1050        1051
          47          30          50          31          34
          58          52          44          50          49
          46          51          52          30          50
         788         815         814         807         812
          39          49          48          33          25
          48          36          35          48          47
          49          44          36          49          48
         657         682         708         686         671
         388         377         379         419         418
         386         378         476         379         474
         389         383         378         377         379
         654         663         664         683         685
         467         474         435         482         470
         468         433         439         435         434
         469         476         433         474         435
         783         799         798         802         801
         464         434         442         469         468
         463         444         443         442         428
         465         439         444         434         442
         664         684         686         679         680
         460         428         432         467         429
         448         430         425         432         431
         462         443         430         428         432
         652         665         682         684         686
         457         431         513         427         527
          26         514          16         513          14
         449         425         514         431         513
         629        1065         625        1077        1076
          22          14          10         125         124
          21          15          20          10           9
          20          16          15          14          10
         786         804         806         803         818
          19           9          23         123         122
           1          17           1          23          22
          17          20          17           9          23
         669         675         676         674         678
           2          22          53         121         120
          43          56          31          53          29
           3           1          56          22          53
         668         674         678         777         788
          40          29          32         119         118
          33          34          33          32          26
          41          31          34          29          32
         671         676         679         678         677
          35          26          28         117         116
          36          25          24          28          27
          37          33          25          26          28
